[www.toitoi.lt/index.html]
[backblue.gif]
[fade.gif]
[index.html]
[www.toitoi.lt/uploads/favicon.ico]
[www.toitoi.lt/css/front/vendor.css]
[www.toitoi.lt/css/front/plugins.css]
[www.toitoi.lt/img/front/svg/icon-login-envelope.svg]
[www.toitoi.lt/css/front/app642c.css]
[www.toitoi.lt/cdn-cgi/l/email-protection.html]
[www.toitoi.lt/img/front/logo.svg]
[www.toitoi.lt/krepselis.html]
[www.toitoi.lt/img/front/logo-white.svg]
[www.toitoi.lt/produktai/kategorija/biotualetai.html]
[www.toitoi.lt/produktai/kategorija/konteineriai.html]
[www.toitoi.lt/produktai/konteineris-mobile-lounge.html]
[www.toitoi.lt/produktai/kategorija/sanitarine-priekaba.html]
[www.toitoi.lt/produktai/kategorija/praustuves-nuoma.html]
[www.toitoi.lt/produktai/kategorija/mobili-tvora.html]
[www.toitoi.lt/produktai/kategorija/kiti.html]
[www.toitoi.lt/produktai/kategorija/kitos-paslaugos.html]
[www.toitoi.lt/apie-imone.html]
[www.toitoi.lt/elgesio-kodeksas.html]
[www.toitoi.lt/toi-toi-dixi-group-tvarumo-ataskaita.html]
[www.toitoi.lt/d-u-k-8.html]
[www.toitoi.lt/karjera.html]
[www.toitoi.lt/kontaktai.html]
[www.toitoi.lt/virtualus-asistentas.html]
[www.toitoi.lt/uploads/banner-sustainibility.jpg]
[www.toitoi.lt/uploads/slider-toi-care-v2-1920x19202x.jpg]
[www.toitoi.lt/uploads/biotualetu-nuoma-toitoi-pagrindinis-422961.jpg]
[www.toitoi.lt/produktai/toi-care.html]
[www.toitoi.lt/uploads/biotualetu-nuoma-toitoi-pagrindinis.jpg]
[www.toitoi.lt/uploads/sanitariniu-konteineriu-nuoma-toitoi-pagrindinis.jpg]
[www.toitoi.lt/uploads/biotualetu-nuoma-toitoi-pagrindinis.png]
[www.toitoi.lt/uploads/konteineriu-nuoma-toitoi-pagrindinis.png]
[www.toitoi.lt/uploads/mobilios-tvoros-nuoma-toitoi-pagrindinis.png]
[www.toitoi.lt/uploads/sanitarines-priekabos-washbox-nuoma-581163.png]
[www.toitoi.lt/uploads/praustuviu-nuoma-toitoi-pagrindinis.png]
[www.toitoi.lt/uploads/biotualetu-valymas-asenizacija-toitoi-pagrindinis.png]
[www.toitoi.lt/img/front/svg/icon-heart.svg]
[www.toitoi.lt/img/front/svg/icon-checklist.svg]
[www.toitoi.lt/img/front/svg/icon-envelop.svg]
[www.toitoi.lt/img/front/svg/icon-check.svg]
[www.toitoi.lt/img/front/svg/icon-car.svg]
[www.toitoi.lt/aktualijos/su-tarptautine-tualetu-diena-76.html]
[www.toitoi.lt/uploads/small/tarptautine-tualetu-diena-826896.jpg]
[www.toitoi.lt/aktualijos/popieziaus-pranciskaus-vizitas-lietuvoje-toi-toi-59.html]
[www.toitoi.lt/uploads/small/toitoi-biotualetai-popieziaus-vizito-metu.svg]
[www.toitoi.lt/aktualijos/budele-su-sirdele.html]
[www.toitoi.lt/uploads/small/moderni-budele-su-sirdele-svg.svg]
[www.toitoi.lt/aktualijos/toi-toi-lietuva-red-bull-jump-freeze-52.html]
[www.toitoi.lt/uploads/small/svg-66.svg]
[www.toitoi.lt/aktualijos/socialinis-projektas-as-regiu-sirdimi-49.html]
[www.toitoi.lt/uploads/small/toi-toi-dalyvauja-regiu-sirdimi-svg.svg]
[www.toitoi.lt/aktualijos/toi-toi-lietuva-ir-runway-run-2018-siauliuose-48.html]
[www.toitoi.lt/uploads/small/runway-2018-naujam-svg.svg]
[www.toitoi.lt/aktualijos.html]
[www.toitoi.lt/uploads/istorine-prezidentura-kaunas-padeka.jpg]
[www.toitoi.lt/uploads/vasa-padeka.jpg]
[www.toitoi.lt/uploads/logo-our-brands-02.png]
[www.toitoi.lt/uploads/logo-our-brands.png]
[www.toitoi.lt/rekomendacijos.html]
[www.toitoi.lt/sertifikatai-iso.html]
[www.toitoi.lt/privatumo-politika.html]
[www.toitoi.lt/uploads/turto-zalos-atlyginimo-lentele.pdf]
[www.toitoi.lt/uploads/bendrosios_salygos.pdf]
[www.toitoi.lt/uploads/Bendrosios_prieziuros_paslaugu_teikimo_salygos.pdf]
[www.toitoi.lt/cdn-cgi/scripts/5c5dd728/cloudflare-static/email-decode.min.js]
[www.toitoi.lt/js/front/vendor.js]
[www.toitoi.lt/js/front/plugins.js]
[www.toitoi.lt/js/front/app.js]
[www.toitoi.lt/js/front/main.js]
[www.toitoi.lt/index.html]
[www.toitoi.lt/css/front/vendor.css]
[www.toitoi.lt/css/fonts/fontawesome-webfont3e6e.eot]
[www.toitoi.lt/css/fonts/fontawesome-webfont3e6e.woff2]
[www.toitoi.lt/css/fonts/fontawesome-webfontd41d.eot]
[www.toitoi.lt/css/fonts/fontawesome-webfont3e6e.woff]
[www.toitoi.lt/css/fonts/fontawesome-webfont3e6e.ttf]
[www.toitoi.lt/css/fonts/fontawesome-webfont3e6e.svg]
[www.toitoi.lt/css/front/plugins.css]
[www.toitoi.lt/css/fonts/CamingoLTPro-Regular.otf]
[www.toitoi.lt/css/fonts/CamingoLTPro-Regulard41d.eot]
[www.toitoi.lt/css/fonts/CamingoLTPro-Regular.woff]
[www.toitoi.lt/css/fonts/CamingoLTPro-Regular.ttf]
[www.toitoi.lt/css/fonts/CamingoLTPro-Bold.otf]
[www.toitoi.lt/css/fonts/CamingoLTPro-Boldd41d.eot]
[www.toitoi.lt/css/fonts/CamingoLTPro-Lightd41d.eot]
[www.toitoi.lt/css/fonts/CamingoLTPro-Light.otf]
[www.toitoi.lt/css/fonts/CamingoLTPro-Light.woff]
[www.toitoi.lt/css/fonts/CamingoLTPro-Light.ttf]
[www.toitoi.lt/img/front/img-cookie.png]
[www.toitoi.lt/img/front/svg/icon-popup-close.svg]
[www.toitoi.lt/img/front/svg/arrow-button-red.svg]
[www.toitoi.lt/img/front/svg/arrow-button-white.svg]
[www.toitoi.lt/img/front/svg/arrow-button-black.svg]
[www.toitoi.lt/img/front/svg/support-preson-white.svg]
[www.toitoi.lt/img/front/svg/icon-lock.svg]
[www.toitoi.lt/img/front/svg/panel_cart.svg]
[www.toitoi.lt/img/front/svg/panel_cart_red.svg]
[www.toitoi.lt/img/front/svg/icon-logout.svg]
[www.toitoi.lt/img/front/svg/icon-open.svg]
[www.toitoi.lt/img/front/svg/phone.svg]
[www.toitoi.lt/img/front/svg/cart.svg]
[www.toitoi.lt/img/front/svg/arrow-white.svg]
[www.toitoi.lt/img/front/bg-offer-hover-04.jpg]
[www.toitoi.lt/img/front/bg-offer-hover-kabiny.jpg]
[www.toitoi.lt/img/front/bg-offer-hover-ogrodzenia.jpg]
[www.toitoi.lt/img/front/bg-offer-hover-przyczepy.jpg]
[www.toitoi.lt/img/front/bg-offer-hover-inne.jpg]
[www.toitoi.lt/img/front/bg-offer-hover-serwis.png]
[www.toitoi.lt/img/front/svg/icon-logo.svg]
[www.toitoi.lt/img/front/svg/icon-logo-red.svg]
[www.toitoi.lt/img/front/svg/icon-calendar-grey.svg]
[www.toitoi.lt/img/front/svg/icon-calendar-red.svg]
[www.toitoi.lt/img/front/svg/arrow-black.svg]
[www.toitoi.lt/img/front/svg/arrow-red.svg]
[www.toitoi.lt/img/front/svg/icon-chat-white.svg]
[www.toitoi.lt/img/front/svg/icon-chat.svg]
[www.toitoi.lt/img/front/svg/icon-check-form.svg]
[www.toitoi.lt/img/front/svg/close.svg]
[www.toitoi.lt/img/front/svg/icon-circle.svg]
[www.toitoi.lt/img/front/svg/icon-plus.svg]
[www.toitoi.lt/img/front/svg/icon-pin-red.svg]
[www.toitoi.lt/img/front/svg/icon-pin-white.svg]
[www.toitoi.lt/img/front/bg-subpage-large.jpg]
[www.toitoi.lt/img/front/svg/icon-plus-list.svg]
[www.toitoi.lt/img/front/svg/icon-plus-list-red.svg]
[www.toitoi.lt/img/front/svg/icon-check-form-red.svg]
[www.toitoi.lt/img/front/svg/icon-calendar.svg]
[www.toitoi.lt/img/front/svg/arrowr-red.svg]
[www.toitoi.lt/img/front/svg/icon-arrow-black-up.svg]
[www.toitoi.lt/img/front/svg/arrow-grey.svg]
[www.toitoi.lt/img/front/svg/arrow-green.svg]
[www.toitoi.lt/img/front/svg/icon-check-green.svg]
[www.toitoi.lt/img/front/svg/icon-edit.svg]
[www.toitoi.lt/img/front/svg/arrow-up.svg]
[www.toitoi.lt/img/front/svg/icon-helpline.svg]
[www.toitoi.lt/img/front/svg/icon-loupe.svg]
[www.toitoi.lt/img/front/bg-home-popup.jpg]
[www.toitoi.lt/img/front/svg/icon-pdf.svg]
[www.toitoi.lt/img/front/svg/arrow-up-grey.svg]
[www.toitoi.lt/img/front/svg/arrow-up-red.svg]
[www.toitoi.lt/img/front/svg/step_1_disabled.svg]
[www.toitoi.lt/img/front/svg/step_1_active.svg]
[www.toitoi.lt/img/front/svg/step_1_done.svg]
[www.toitoi.lt/img/front/svg/step_2_disabled.svg]
[www.toitoi.lt/img/front/svg/step_2_active.svg]
[www.toitoi.lt/img/front/svg/step_2_done.svg]
[www.toitoi.lt/img/front/svg/step_3_disabled.svg]
[www.toitoi.lt/img/front/svg/step_3_active.svg]
[www.toitoi.lt/img/front/svg/step_3_done.svg]
[www.toitoi.lt/img/front/svg/step_4_disabled.svg]
[www.toitoi.lt/img/front/svg/step_4_active.svg]
[www.toitoi.lt/img/front/svg/step_4_done.svg]
[www.toitoi.lt/img/front/svg/incognito.svg]
[www.toitoi.lt/img/front/svg/incognito_hover.svg]
[www.toitoi.lt/img/front/svg/login.svg]
[www.toitoi.lt/img/front/svg/login_hover.svg]
[www.toitoi.lt/img/front/svg/register.svg]
[www.toitoi.lt/img/front/svg/register_hover.svg]
[www.toitoi.lt/img/front/bg-order.jpg]
[www.toitoi.lt/img/front/step-separator.png]
[www.toitoi.lt/img/front/step-separator-red.png]
[www.toitoi.lt/img/front/popover-icon.png]
[www.toitoi.lt/img/front/svg/icon-popup-close_nothover.svg]
[www.toitoi.lt/css/front/app642c.css]
[www.toitoi.lt/img/front/svg/icon-login-envelope.svg]
[www.toitoi.lt/cdn-cgi/l/email-protection.html]
[www.toitoi.lt/img/front/logo.svg]
[www.toitoi.lt/css/front/font-awesome.css]
[www.toitoi.lt/css/front/normalize.min.css]
[www.toitoi.lt/css/front/animate.css]
[www.toitoi.lt/css/front/owl.carousel.css]
[www.toitoi.lt/css/front/nice-select.css]
[www.toitoi.lt/css/front/jquery-ui-slider.css]
[www.toitoi.lt/css/front/magnific-popup.css]
[www.toitoi.lt/css/front/bootstrap-datepicker.css]
[www.toitoi.lt/css/front/main.css]
[www.toitoi.lt/img/front/svg/icon-cart.svg]
[www.toitoi.lt/img/front/svg/rolling.svg]
[www.toitoi.lt/img/front/img-product-03.png]
[www.toitoi.lt/img/front/img-product-02.png]
[www.toitoi.lt/js/front/vendor/jquery-2.2.4.min.js]
[www.toitoi.lt/js/front/vendor/modernizr-2.8.3.min.js]
[www.toitoi.lt/js/front/plugins/owl.carousel.js]
[www.toitoi.lt/js/front/plugins/jquery.waypoints.min.js]
[www.toitoi.lt/js/front/plugins/jquery.magnific-popup.js]
[www.toitoi.lt/js/front/plugins/jquery.nice-select.js]
[www.toitoi.lt/js/front/plugins/jquery.matchHeight.js]
[www.toitoi.lt/js/front/plugins/jquery-ui-slider.js]
[www.toitoi.lt/js/front/plugins/bootstrap-datepicker.js]
[www.toitoi.lt/js/front/plugins/codex-fly.js]
[www.toitoi.lt/js/front/plugins/jquery.cookie.js]
[www.toitoi.lt/js/front/plugins/jquery.cookiepolicy.js]
[www.toitoi.lt/js/front/client.min.js]
[www.toitoi.lt/js/front/base.js]
[www.toitoi.lt/js/front/popups.js]
[www.toitoi.lt/js/front/cart.js]
[www.toitoi.lt/krepselis.html]
[www.toitoi.lt/img/front/logo-white.svg]
[www.toitoi.lt/uploads/toitoi-biotualetas-nuoma-toi-fresh-757702.png]
[www.toitoi.lt/img/front/svg/icon-cabin.svg]
[www.toitoi.lt/img/front/svg/support-preson.svg]
[www.toitoi.lt/uploads/dazniausiai-pasirenkamas-514121.svg]
[www.toitoi.lt/uploads/equipment-14.svg]
[www.toitoi.lt/uploads/pritaikyta-neigaliesiems-265451.svg]
[www.toitoi.lt/uploads/liftas-993721.svg]
[www.toitoi.lt/uploads/equipment-06.svg]
[www.toitoi.lt/uploads/biotualetas-toi-fresh-biotualeto-nuoma-toitoi.png]
[www.toitoi.lt/produktai/biotualetas-nuoma-toitoi-fresh.html]
[www.toitoi.lt/uploads/biotualetas-toi-fresh-vip-biotualeto-nuoma-toitoi.png]
[www.toitoi.lt/produktai/biotualetas-nuoma-toitoi-fresh-vip.html]
[www.toitoi.lt/uploads/biotualetas-toi-plus-biotualeto-nuoma-statyboms-toitoi.png]
[www.toitoi.lt/produktai/biotualetas-nuoma-toitoi-plus.html]
[www.toitoi.lt/uploads/biotualetas-vaikams-biotualeto-nuoma-toitoi.png]
[www.toitoi.lt/produktai/biotualetas-vaikams-nuoma-toitoi-kids.html]
[www.toitoi.lt/uploads/biotualetas-toi-mini-biotualeto-nuoma-toitoi.png]
[www.toitoi.lt/produktai/biotualetas-kilnojamas-nuoma-toitoi-mini.html]
[www.toitoi.lt/uploads/biotualetas-toi-basic-ilgalaike-biotualeto-nuoma-statyboms-toitoi.png]
[www.toitoi.lt/produktai/biotualetas-nuoma-toitoi-basic.html]
[www.toitoi.lt/uploads/toitoi-hot-biotualetas.jpg]
[www.toitoi.lt/produktai/biotualetas-nuoma-sildomas-toitoi-hot.html]
[www.toitoi.lt/uploads/praustuves-nuoma-toitoi.png]
[www.toitoi.lt/produktai/toitoi-nuoma-praustuve.html]
[www.toitoi.lt/uploads/toitoi-nuoma-pisuaras-cross.png]
[www.toitoi.lt/produktai/toitoi-nuoma-pisuaras-cross.html]
[www.toitoi.lt/uploads/toitoi-nuoma-nuoteku-rezervuaras-termos.png]
[www.toitoi.lt/produktai/toitoi-nuoma-papildomas-rezervuaras-termos.html]
[www.toitoi.lt/img/front/svg/pin_normal.svg]
[www.toitoi.lt/produktai/kategorija/uploads/bendrosios_salygos.pdf]
[www.toitoi.lt/js/front/plugins/jquery-scrolltofixed-min.js]
[www.toitoi.lt/js/front/product-category.js]
[www.toitoi.lt/produktai/kategorija/biotualetai.html]
[www.toitoi.lt/img/front/svg/icon-containers.svg]
[www.toitoi.lt/img/front/svg/filtry-white.svg]
[www.toitoi.lt/img/front/svg/filtry.svg]
[www.toitoi.lt/uploads/oro-kondicionavimo-sistema-207904.svg]
[www.toitoi.lt/uploads/dusas-472177.svg]
[www.toitoi.lt/uploads/equipment-09.svg]
[www.toitoi.lt/uploads/equipment-01.svg]
[www.toitoi.lt/uploads/vip-305687.svg]
[www.toitoi.lt/uploads/vandens-sildytuvas-871060.svg]
[www.toitoi.lt/uploads/istiklintos-sienos-635874.svg]
[www.toitoi.lt/uploads/kasos-langelis-418073.svg]
[www.toitoi.lt/uploads/toitoi-nuoma-sanitarinis-konteineris-kombi-schema.png]
[www.toitoi.lt/produktai/toitoi-nuoma-sanitarinis-konteineris-kombi.html]
[www.toitoi.lt/uploads/toitoi-nuoma-sanitarinis-konteineris-kombi-mazas-schema.jpg]
[www.toitoi.lt/produktai/toitoi-nuoma-sanitarinis-konteineris-kombi-mazas.html]
[www.toitoi.lt/uploads/toitoi-nuoma-sanitarinis-dusu-konteineris-schema.png]
[www.toitoi.lt/produktai/toitoi-nuoma-sanitarinis-dusu-konteineris.html]
[www.toitoi.lt/uploads/toitoi-nuoma-sanitarinis-pisuaru-konteineris-schema.png]
[www.toitoi.lt/produktai/toitoi-nuoma-sanitarinis-pisuaru-konteineris.html]
[www.toitoi.lt/uploads/buitinis-biuro-konteineris-schema.png]
[www.toitoi.lt/produktai/toitoi-nuoma-buitinis-biuro-konteineris.html]
[www.toitoi.lt/uploads/toitoi-nuoma-konteineris-dviguba-sale-schema.png]
[www.toitoi.lt/produktai/toitoi-nuoma-buitinis-konteineris-dviguba-sale.html]
[www.toitoi.lt/uploads/toitoi-nuoma-sandeliavimo-konteineris-schema.png]
[www.toitoi.lt/produktai/toitoi-nuoma-sandeliavimo-konteineris.html]
[www.toitoi.lt/uploads/toitoi-nuoma-sanitarinis-konteineris-basic-line-wc-moteru-vyru-schema.png]
[www.toitoi.lt/produktai/toitoi-nuoma-sanitarinis-konteineris-basic-line-wc-moteru-vyru.html]
[www.toitoi.lt/uploads/toitoi-nuoma-sanitarinis-konteineris-basic-line-dusu-praustuviu-schema.png]
[www.toitoi.lt/produktai/toitoi-nuoma-sanitarinis-konteineris-basic-line-dusu-praustuviu.html]
[www.toitoi.lt/uploads/toitoi-nuoma-sanitarinis-konteineris-basic-line-praustuviu-schema.jpg]
[www.toitoi.lt/uploads/toitoi-nuoma-sanitarinis-konteineris-maxi-line-plus-dusu-schema.jpg]
[www.toitoi.lt/produktai/toitoi-nuoma-sanitarinis-konteineris-basic-line-praustuviu.html]
[www.toitoi.lt/produktai/toitoi-nuoma-sanitarinis-konteineris-maxi-line-plus-dusu.html]
[www.toitoi.lt/uploads/toitoi-nuoma-sanitarinis-konteineris-premium-line-moteru-vyru-wc-schema.png]
[www.toitoi.lt/produktai/toitoi-nuoma-sanitarinis-konteineris-premium-line-moteru-vyru.html]
[www.toitoi.lt/uploads/toitoi-nuoma-buitinis-apsaugos-konteineris-schema.png]
[www.toitoi.lt/produktai/toitoi-nuoma-apsaugos-konteineris.html]
[www.toitoi.lt/uploads/toitoi-nuoma-konteineris-kasa3-schema.png]
[www.toitoi.lt/produktai/kategorija/konteineriai.html]
[www.toitoi.lt/produktai/toitoi-nuoma-kasos-konteineris-kasa-3.html]
[www.toitoi.lt/css/front/main63d3.css]
[www.toitoi.lt/uploads/toitoi-nuoma-konteineris-3.jpg]
[www.toitoi.lt/uploads/konteineris-mobile-lounge.png]
[www.toitoi.lt/uploads/toitoi-nuoma-konteineris-mobile-lounge-interjeras.jpg]
[www.toitoi.lt/uploads/toitoi-nuoma-konteineris-mobile-lounge-poilsio-zona.jpg]
[www.toitoi.lt/uploads/nuoma-toitoi-konteineris-mobile-lounge-schema.jpg]
[www.toitoi.lt/uploads/toitoi-nuoma-konteineris-mobile-lounge-dusas-11.jpg]
[www.toitoi.lt/uploads/toitoi-nuoma-konteineris-mobile-lounge-tualetas.jpg]
[www.toitoi.lt/uploads/toitoi-konteineris-mobile-lounge-nuoma-2.jpg]
[www.toitoi.lt/uploads/technical-data-05.svg]
[www.toitoi.lt/uploads/aukstis-02.svg]
[www.toitoi.lt/uploads/vandens-prijungimo-anga-06.svg]
[www.toitoi.lt/uploads/technical-data-06.svg]
[www.toitoi.lt/uploads/nuoteku-prijungimo-vamzdis-07.svg]
[www.toitoi.lt/uploads/equipment-12.svg]
[www.toitoi.lt/uploads/vandens-sildymas-205475.svg]
[www.toitoi.lt/uploads/dusas.svg]
[www.toitoi.lt/uploads/muilo-dozatorius-482308.svg]
[www.toitoi.lt/uploads/equipment-10.svg]
[www.toitoi.lt/uploads/vedinimo-sistema-644406.svg]
[www.toitoi.lt/uploads/baldai-biurui-915729.svg]
[www.toitoi.lt/uploads/tv-54276.svg]
[www.toitoi.lt/uploads/maitinimo-jungiklis-364115.svg]
[www.toitoi.lt/uploads/vanduo.svg]
[www.toitoi.lt/uploads/elektrinis-sildytuvas-703433.svg]
[www.toitoi.lt/uploads/small/toitoi-nuoma-konteineris-mobile-lounge-schema.png]
[www.toitoi.lt/produktai/uploads/bendrosios_salygos.pdf]
[www.toitoi.lt/js/front/popups7b30.js]
[www.toitoi.lt/js/front/product1bce.js]
[www.toitoi.lt/produktai/konteineris-mobile-lounge.html]
[www.toitoi.lt/img/front/svg/icon-trailer.svg]
[www.toitoi.lt/uploads/sanitarines-priekabos-washbox-nuoma.png]
[www.toitoi.lt/produktai/kategorija/sanitarine-priekaba.html]
[www.toitoi.lt/uploads/toi-care-naujas.png]
[www.toitoi.lt/produktai/toitoi-nuoma-sanitarine-priekaba-eco.html]
[www.toitoi.lt/uploads/toitoi-38-praustuves.png]
[www.toitoi.lt/produktai/kategorija/praustuves-nuoma.html]
[www.toitoi.lt/produktai/toitoi-nuoma-38-praustuves.html]
[www.toitoi.lt/img/front/svg/icon-fances.svg]
[www.toitoi.lt/uploads/mobilios-tvoros-nuoma-auksta-azurine-tvora-toitoi.png]
[www.toitoi.lt/produktai/toitoi-nuoma-mobili-tvora-auksta-azurine.html]
[www.toitoi.lt/uploads/mobilios-tvoros-nuoma-auksta-azurine-tvora-su-tentu-toitoi.png]
[www.toitoi.lt/produktai/toitoi-nuoma-mobili-tvora-auksta-azurine-su-tentu.html]
[www.toitoi.lt/uploads/mobilios-tvoros-nuoma-zema-tvora-monrovia-toitoi.png]
[www.toitoi.lt/produktai/toitoi-nuoma-mobili-tvora-monrovia.html]
[www.toitoi.lt/uploads/mobilios-tvoros-nuoma-zema-azurine-tvora-toitoi.png]
[www.toitoi.lt/produktai/kategorija/mobili-tvora.html]
[www.toitoi.lt/produktai/toitoi-nuoma-mobili-tvora-zema-azurine.html]
[www.toitoi.lt/uploads/toitoi-nuoma-kiti-produktai-pagrindo-apsauga-fuss.png]
[www.toitoi.lt/produktai/toitoi-nuoma-pagrindo-apsauga-fuss.html]
[www.toitoi.lt/uploads/toitoi-nuoma-didelis-nuoteku-rezervuaras.png]
[www.toitoi.lt/produktai/toitoi-nuoma-nuoteku-rezervuaras-didelis.html]
[www.toitoi.lt/uploads/toitoi-nuoma-didelis-nuoteku-rezervuaras-su-laiptais.png]
[www.toitoi.lt/produktai/toitoi-nuoma-nuoteku-rezervuaras-didelis-su-laiptais.html]
[www.toitoi.lt/uploads/toitoi-nuoma-mazas-nuoteku-rezervuras.png]
[www.toitoi.lt/produktai/toitoi-nuoma-nuoteku-rezervuaras-mazas.html]
[www.toitoi.lt/uploads/toitoi-nuoma-lankstus-vandens-rezervuaras.png]
[www.toitoi.lt/produktai/toitoi-nuoma-lankstus-vandens-rezervuaras-didelis.html]
[www.toitoi.lt/uploads/toitoi-nuoma-vandens-rezervuaras-1000l.png]
[www.toitoi.lt/produktai/toitoi-nuoma-vandens-rezervuaras-didelis-1000l.html]
[www.toitoi.lt/uploads/toitoi-nuoma-kiti-produktai-fekalinis-siurblys-285271.png]
[www.toitoi.lt/produktai/toitoi-nuoma-fekalinis-siurblys.html]
[www.toitoi.lt/produktai/kategorija/kiti.html]
[www.toitoi.lt/uploads/toitoi-kitos-paslaugos-techninio-ir-sanitarinio-budejimo-automobilis.jpg]
[www.toitoi.lt/produktai/toitoi-paslaugos-prieziura-techninis-sanitarinis-budejimas.html]
[www.toitoi.lt/uploads/neiprasti-uzsakymai.jpg]
[www.toitoi.lt/produktai/toitoi-paslaugos-pagal-individualu-uzsakyma.html]
[www.toitoi.lt/uploads/toitoi-transporto-paslaugos.jpg]
[www.toitoi.lt/produktai/toitoi-paslaugos-transportavimas.html]
[www.toitoi.lt/uploads/toitoi-kitos-paslaugos-asenizacija.jpg]
[www.toitoi.lt/produktai/paslaugos-asenizacija.html]
[www.toitoi.lt/produktai/kategorija/kitos-paslaugos.html]
[www.toitoi.lt/img/front/svg/icon-about_company.svg]
[www.toitoi.lt/uploads/biotualetu-nuoma-mobilios-tvoros-konteineriu-nuoma-toitoi.jpg]
[www.toitoi.lt/uploads/biotualetu-nuoma-praustuviu-nuoma-asenizacija-toi-toi.jpg]
[www.toitoi.lt/img/front/svg/icon-slider-01-3.svg]
[www.toitoi.lt/img/front/svg/icon-slider-02-3.svg]
[www.toitoi.lt/img/front/logo-our-brands-02.png]
[www.toitoi.lt/img/front/svg/icon-slider-01-2.svg]
[www.toitoi.lt/img/front/svg/icon-slider-02-2.svg]
[www.toitoi.lt/img/front/svg/icon-slider-01.svg]
[www.toitoi.lt/img/front/svg/icon-slider-02.svg]
[www.toitoi.lt/uploads/biotualetu-mobilios-tvoros-konteineriu-nuoma-toitoi.jpg]
[www.toitoi.lt/uploads/biotualetu-nuoma-mobilios-tvoros-konteineriu-nuoma-asenizacija-toitoi.jpg]
[www.toitoi.lt/img/front/svg/icon-person.svg]
[www.toitoi.lt/img/front/svg/icon-tablet.svg]
[www.toitoi.lt/img/front/svg/icon-devices.svg]
[www.toitoi.lt/img/front/svg/icon-chat-large.svg]
[www.toitoi.lt/img/front/svg/icon-map.svg]
[www.toitoi.lt/img/front/svg/icon-car-large.svg]
[www.toitoi.lt/img/front/svg/icon-toilet.svg]
[www.toitoi.lt/img/front/svg/icon-clock.svg]
[www.toitoi.lt/img/front/svg/map-lithuania.svg]
[www.toitoi.lt/img/front/img-brunch-lt-01.jpg]
[www.toitoi.lt/apie-imone.html]
[www.toitoi.lt/js/front/about.js]
[www.toitoi.lt/img/front/svg/kontakt.svg]
[www.toitoi.lt/uploads/compliance-waage-800x8002x.jpg]
[www.toitoi.lt/uploads/code-of-conduct-download.jpg]
[www.toitoi.lt/uploads/Elgesio_kodeksas_LT.pdf]
[www.toitoi.lt/uploads/Elgesio_kodeksas_EN.pdf]
[www.toitoi.lt/uploads/compliance-let-us-know-800x8002x.jpg]
[www.toitoi.lt/elgesio-kodeksas.html]
[www.toitoi.lt/docs/TTD_NHB_2022_ENG.pdf]
[www.toitoi.lt/docs/TTD_NHB_2022_DEU.pdf]
[www.toitoi.lt/uploads/sp-kabine-mit-wb-1200x720.jpg]
[www.toitoi.lt/uploads/sp-hand-in-granulat-1200x720.jpg]
[www.toitoi.lt/uploads/sp-jana-doelle-1200x720-4.jpg]
[www.toitoi.lt/uploads/service-nachhaltigkeit-391202.svg]
[www.toitoi.lt/uploads/toiletten-box-457762.svg]
[www.toitoi.lt/uploads/toiletten-box-20-jahre-3-531039.svg]
[www.toitoi.lt/uploads/logo-nachhaltigkeit-final-rgb.svg]
[www.toitoi.lt/uploads/2-1.jpg]
[www.toitoi.lt/uploads/2-2.jpg]
[www.toitoi.lt/uploads/2-3.jpg]
[www.toitoi.lt/uploads/strecke-km-nachhaltigkeit-204288.svg]
[www.toitoi.lt/uploads/co2-469611.svg]
[www.toitoi.lt/uploads/wasserverbrauch-881850.svg]
[www.toitoi.lt/uploads/3-1.jpg]
[www.toitoi.lt/uploads/3-2.jpg]
[www.toitoi.lt/uploads/3-3.jpg]
[www.toitoi.lt/uploads/mitarbeitende-nachhaltigkeit-355408.svg]
[www.toitoi.lt/uploads/servicefahrer-solo-100632.svg]
[www.toitoi.lt/uploads/mitarbeitende-durchschnitt-697557.svg]
[www.toitoi.lt/uploads/mock-up-quer-eng.jpg]
[www.toitoi.lt/toi-toi-dixi-group-tvarumo-ataskaita.html]
[www.toitoi.lt/uploads/duk-toi-toi-lietuva-1.jpg]
[www.toitoi.lt/img/front/svg/icon-question.svg]
[www.toitoi.lt/img/front/svg/icon-faq-category-1.svg]
[www.toitoi.lt/img/front/svg/icon-faq-category-2.svg]
[www.toitoi.lt/img/front/svg/icon-faq-category-3.svg]
[www.toitoi.lt/d-u-k-8.html]
[www.toitoi.lt/uploads/darbo-pasiulymai-toitoi.jpg]
[www.toitoi.lt/karjera.html]
[www.toitoi.lt/uploads/toitoi-biotualetu-nuoma-kontaktai.jpg]
[www.toitoi.lt/img/front/svg/icon-phone-02.svg]
[www.toitoi.lt/img/front/flags/flag-lt.png]
[www.toitoi.lt/img/front/flags/flag-cz.png]
[www.toitoi.lt/img/front/flags/flag-slo.png]
[www.toitoi.lt/img/front/flags/flag-hgk.png]
[www.toitoi.lt/img/front/flags/flag-nl.png]
[www.toitoi.lt/img/front/flags/flag-bg.png]
[www.toitoi.lt/img/front/flags/flag-kv.png]
[www.toitoi.lt/img/front/flags/flag-mk.png]
[www.toitoi.lt/img/front/flags/flag-fr.png]
[www.toitoi.lt/img/front/flags/flag-lu.png]
[www.toitoi.lt/img/front/flags/flag-lv.png]
[www.toitoi.lt/img/front/flags/flag-ch.png]
[www.toitoi.lt/img/front/flags/flag-be.png]
[www.toitoi.lt/img/front/flags/flag-sk.png]
[www.toitoi.lt/img/front/flags/flag-de.png]
[www.toitoi.lt/img/front/flags/flag-ro.png]
[www.toitoi.lt/img/front/flags/flag-bih.png]
[www.toitoi.lt/img/front/flags/flag-hr.png]
[www.toitoi.lt/img/front/flags/flag-cn.png]
[www.toitoi.lt/img/front/flags/flag-gr.png]
[www.toitoi.lt/img/front/flags/flag-it.png]
[www.toitoi.lt/img/front/flags/flag-at.png]
[www.toitoi.lt/img/front/flags/flag-es.png]
[www.toitoi.lt/img/front/flags/flag-srb.png]
[www.toitoi.lt/img/front/flags/flag-al.png]
[www.toitoi.lt/img/front/flags/flag-my.png]
[www.toitoi.lt/img/front/flags/flag-pt.png]
[www.toitoi.lt/img/front/flags/flag-ua.png]
[www.toitoi.lt/js/front/contact.js]
[www.toitoi.lt/kontaktai.html]
[www.toitoi.lt/uploads/savitarna-toitoi-lietuva.jpg]
[www.toitoi.lt/img/front/svg/asystent-red.svg]
[www.toitoi.lt/img/front/svg/illustration-left.svg]
[www.toitoi.lt/img/front/svg/cabin-red.svg]
[www.toitoi.lt/img/front/svg/illustration-right.svg]
[www.toitoi.lt/img/front/assistant-cabin-1.png]
[www.toitoi.lt/img/front/assistant-cabin-2.png]
[www.toitoi.lt/img/front/assistant-cabin-3.png]
[www.toitoi.lt/img/front/svg/time.svg]
[www.toitoi.lt/img/front/svg/like.svg]
[www.toitoi.lt/img/front/assistant-cabin-4.png]
[www.toitoi.lt/img/front/assistant-cabin-4-check.png]
[www.toitoi.lt/img/front/svg/date.svg]
[www.toitoi.lt/img/front/virtualus-asistentas-uzsakymas-zingsnis-1.png]
[www.toitoi.lt/img/front/assistant-fly.png]
[www.toitoi.lt/img/front/virtualus-asistentas-uzsakymas-zingsnis-2.png]
[www.toitoi.lt/img/front/svg/5-step-icon-2.svg]
[www.toitoi.lt/img/front/svg/5-step-icon-3.svg]
[www.toitoi.lt/uploads/features-1.svg]
[www.toitoi.lt/uploads/features-2.svg]
[www.toitoi.lt/uploads/features-3.svg]
[www.toitoi.lt/uploads/features-4.svg]
[www.toitoi.lt/uploads/features-5.svg]
[www.toitoi.lt/uploads/virtualus-asistentas-uzsakymas-2.png]
[www.toitoi.lt/img/front/svg/key.svg]
[www.toitoi.lt/img/front/svg/cart-red.svg]
[www.toitoi.lt/uploads/virtualus-asistentas-uzsakymas1.png]
[www.toitoi.lt/js/front/plugins/smooth-scroll.js]
[www.toitoi.lt/js/front/assistant.js]
[www.toitoi.lt/virtualus-asistentas.html]
[www.toitoi.lt/uploads/header-308434.jpg]
[www.toitoi.lt/uploads/1-1.jpg]
[www.toitoi.lt/uploads/1-2.jpg]
[www.toitoi.lt/uploads/1-3.jpg]
[www.toitoi.lt/uploads/1-4.jpg]
[www.toitoi.lt/uploads/1-5.jpg]
[www.toitoi.lt/uploads/pagrindo-plotas-01.svg]
[www.toitoi.lt/uploads/rezervuaro-talpa-04.svg]
[www.toitoi.lt/uploads/svoris-03.svg]
[www.toitoi.lt/uploads/small/toi-care-naujas.png]
[www.toitoi.lt/produktai/toi-care.html]
[www.toitoi.lt/img/front/svg/icon-heart.svg]
[www.toitoi.lt/img/front/svg/icon-checklist.svg]
[www.toitoi.lt/img/front/svg/icon-envelop.svg]
[www.toitoi.lt/img/front/svg/icon-check.svg]
[www.toitoi.lt/img/front/svg/icon-car.svg]
[www.toitoi.lt/uploads/tarptautine-tualetu-diena-999452.jpg]
[www.toitoi.lt/uploads/tarptautine-tualetu-diena-826896.jpg]
[www.toitoi.lt/uploads/moderni-budele-su-sirdele-svg.svg]
[www.toitoi.lt/uploads/toitoi-biotualetai-popieziaus-vizito-metu.svg]
[www.toitoi.lt/uploads/svg-66.svg]
[www.toitoi.lt/uploads/toi-toi-dalyvauja-regiu-sirdimi-svg.svg]
[www.toitoi.lt/uploads/runway-2018-naujam-svg.svg]
[www.toitoi.lt/aktualijos/uploads/bendrosios_salygos.pdf]
[www.toitoi.lt/aktualijos/su-tarptautine-tualetu-diena-76.html]
[www.toitoi.lt/uploads/toitoi-dalyvauja-popieziaus-vizitas-2018.jpg]
[www.toitoi.lt/uploads/popieziaus-vizitas-ir-toitoi-dalyvauja.jpg]
[www.toitoi.lt/aktualijos/popieziaus-pranciskaus-vizitas-lietuvoje-toi-toi-59.html]
[www.toitoi.lt/uploads/small/toitoi-biotualetai-popieziaus-vizito-metu.svg]
[www.toitoi.lt/aktualijos/budele-su-sirdele.html]
[www.toitoi.lt/uploads/small/moderni-budele-su-sirdele-svg.svg]
[www.toitoi.lt/aktualijos/toi-toi-lietuva-red-bull-jump-freeze-52.html]
[www.toitoi.lt/uploads/small/svg-66.svg]
[www.toitoi.lt/aktualijos/socialinis-projektas-as-regiu-sirdimi-49.html]
[www.toitoi.lt/uploads/small/toi-toi-dalyvauja-regiu-sirdimi-svg.svg]
[www.toitoi.lt/uploads/blog-renginys3.svg]
[www.toitoi.lt/uploads/blog-renginys4.svg]
[www.toitoi.lt/uploads/medium/blog-renginys4.svg]
[www.toitoi.lt/uploads/medium/blog-renginys3.svg]
[www.toitoi.lt/uploads/blog-renginys6.svg]
[www.toitoi.lt/uploads/medium/blog-renginys6.svg]
[www.toitoi.lt/uploads/blog-renginys1.svg]
[www.toitoi.lt/uploads/medium/blog-renginys1.svg]
[www.toitoi.lt/uploads/blog-renginys5.svg]
[www.toitoi.lt/uploads/medium/blog-renginys5.svg]
[www.toitoi.lt/uploads/blog-renginys2.svg]
[www.toitoi.lt/aktualijos/toi-toi-lietuva-ir-runway-run-2018-siauliuose-48.html]
[www.toitoi.lt/uploads/small/runway-2018-naujam-svg.svg]
[www.toitoi.lt/uploads/medium/blog-renginys2.svg]
[www.toitoi.lt/img/front/svg/icon-news_list.svg]
[www.toitoi.lt/uploads/medium/tarptautine-tualetu-diena-826896.jpg]
[www.toitoi.lt/uploads/medium/toitoi-biotualetai-popieziaus-vizito-metu.svg]
[www.toitoi.lt/uploads/medium/runway-2018-naujam-svg.svg]
[www.toitoi.lt/uploads/medium/svg-66.svg]
[www.toitoi.lt/uploads/medium/toi-toi-dalyvauja-regiu-sirdimi-svg.svg]
[www.toitoi.lt/aktualijos.html]
[www.toitoi.lt/uploads/medium/moderni-budele-su-sirdele-svg.svg]
[www.toitoi.lt/uploads/rekomendacijos-toi-toi.jpg]
[www.toitoi.lt/img/front/icon-testimonials.png]
[www.toitoi.lt/uploads/istorine-prezidentura-kaunas.jpg]
[www.toitoi.lt/uploads/padeka-prezidentura-min.pdf]
[www.toitoi.lt/uploads/vasa-asociacija.jpg]
[www.toitoi.lt/uploads/padeka-savaitgalis-su-augintiniais-2018-min-min.pdf]
[www.toitoi.lt/rekomendacijos.html]
[www.toitoi.lt/uploads/pdf/E-Cert_TOI TOI Lietuva_Q_9001_2024_LT.pdf]
[www.toitoi.lt/uploads/pdf/E-Cert_TOI TOI Lietuva_E_14001_2024_LT.pdf]
[www.toitoi.lt/uploads/pdf/E-Cert_TOI TOI Lietuva_Q_9001_2024_EN.pdf]
[www.toitoi.lt/uploads/pdf/E-Cert_TOI TOI Lietuva_E_14001_2024_EN.pdf]
[www.toitoi.lt/sertifikatai-iso.html]
[www.toitoi.lt/privatumo-politika.html]
[www.toitoi.lt/css/fonts/fontawesome-webfont3e6e.svg]
[www.toitoi.lt/img/front/svg/icon-popup-close.svg]
[www.toitoi.lt/img/front/svg/arrow-button-red.svg]
[www.toitoi.lt/img/front/svg/arrow-button-white.svg]
[www.toitoi.lt/img/front/svg/arrow-button-black.svg]
[www.toitoi.lt/img/front/svg/support-preson-white.svg]
[www.toitoi.lt/img/front/svg/icon-lock.svg]
[www.toitoi.lt/img/front/svg/panel_cart.svg]
[www.toitoi.lt/img/front/svg/panel_cart_red.svg]
[www.toitoi.lt/img/front/svg/icon-logout.svg]
[www.toitoi.lt/img/front/svg/icon-open.svg]
[www.toitoi.lt/img/front/svg/phone.svg]
[www.toitoi.lt/img/front/svg/cart.svg]
[www.toitoi.lt/img/front/svg/arrow-white.svg]
[www.toitoi.lt/img/front/svg/icon-logo.svg]
[www.toitoi.lt/img/front/svg/icon-logo-red.svg]
[www.toitoi.lt/img/front/svg/icon-calendar-grey.svg]
[www.toitoi.lt/img/front/svg/icon-calendar-red.svg]
[www.toitoi.lt/img/front/svg/arrow-black.svg]
[www.toitoi.lt/img/front/svg/arrow-red.svg]
[www.toitoi.lt/img/front/svg/icon-chat-white.svg]
[www.toitoi.lt/img/front/svg/icon-chat.svg]
[www.toitoi.lt/img/front/svg/icon-check-form.svg]
[www.toitoi.lt/img/front/svg/close.svg]
[www.toitoi.lt/img/front/svg/icon-circle.svg]
[www.toitoi.lt/img/front/svg/icon-plus.svg]
[www.toitoi.lt/img/front/svg/icon-pin-red.svg]
[www.toitoi.lt/img/front/svg/icon-pin-white.svg]
[www.toitoi.lt/img/front/svg/icon-plus-list.svg]
[www.toitoi.lt/img/front/svg/icon-plus-list-red.svg]
[www.toitoi.lt/img/front/svg/icon-check-form-red.svg]
[www.toitoi.lt/img/front/svg/icon-calendar.svg]
[www.toitoi.lt/img/front/svg/arrowr-red.svg]
[www.toitoi.lt/img/front/svg/icon-arrow-black-up.svg]
[www.toitoi.lt/img/front/svg/arrow-grey.svg]
[www.toitoi.lt/img/front/svg/arrow-green.svg]
[www.toitoi.lt/img/front/svg/icon-check-green.svg]
[www.toitoi.lt/img/front/svg/icon-edit.svg]
[www.toitoi.lt/img/front/svg/arrow-up.svg]
[www.toitoi.lt/img/front/svg/icon-helpline.svg]
[www.toitoi.lt/img/front/svg/icon-loupe.svg]
[www.toitoi.lt/img/front/svg/icon-pdf.svg]
[www.toitoi.lt/img/front/svg/arrow-up-grey.svg]
[www.toitoi.lt/img/front/svg/arrow-up-red.svg]
[www.toitoi.lt/img/front/svg/step_1_disabled.svg]
[www.toitoi.lt/img/front/svg/step_1_active.svg]
[www.toitoi.lt/img/front/svg/step_1_done.svg]
[www.toitoi.lt/img/front/svg/step_2_disabled.svg]
[www.toitoi.lt/img/front/svg/step_2_active.svg]
[www.toitoi.lt/img/front/svg/step_2_done.svg]
[www.toitoi.lt/img/front/svg/step_3_disabled.svg]
[www.toitoi.lt/img/front/svg/step_3_active.svg]
[www.toitoi.lt/img/front/svg/step_3_done.svg]
[www.toitoi.lt/img/front/svg/step_4_disabled.svg]
[www.toitoi.lt/img/front/svg/step_4_active.svg]
[www.toitoi.lt/img/front/svg/step_4_done.svg]
[www.toitoi.lt/img/front/svg/incognito.svg]
[www.toitoi.lt/img/front/svg/incognito_hover.svg]
[www.toitoi.lt/img/front/svg/login.svg]
[www.toitoi.lt/img/front/svg/login_hover.svg]
[www.toitoi.lt/img/front/svg/register.svg]
[www.toitoi.lt/img/front/svg/register_hover.svg]
[www.toitoi.lt/img/front/svg/icon-popup-close_nothover.svg]
[www.toitoi.lt/css/front/font-awesome.css]
[www.toitoi.lt/css/front/normalize.min.css]
[www.toitoi.lt/css/front/animate.css]
[www.toitoi.lt/css/front/owl.carousel.css]
[www.toitoi.lt/css/front/nice-select.css]
[www.toitoi.lt/css/front/jquery-ui-slider.css]
[www.toitoi.lt/css/front/magnific-popup.css]
[www.toitoi.lt/css/front/bootstrap-datepicker.css]
[www.toitoi.lt/css/front/main.css]
[www.toitoi.lt/img/front/svg/icon-cart.svg]
[www.toitoi.lt/img/front/svg/rolling.svg]
[www.toitoi.lt/uploads/toitoi-biotualetas-nuoma-toi-fresh-757702.html]
[www.toitoi.lt/img/front/svg/icon-cabin.svg]
[www.toitoi.lt/img/front/svg/support-preson.svg]
[www.toitoi.lt/uploads/dazniausiai-pasirenkamas-514121.svg]
[www.toitoi.lt/uploads/equipment-14.svg]
[www.toitoi.lt/uploads/pritaikyta-neigaliesiems-265451.svg]
[www.toitoi.lt/uploads/liftas-993721.svg]
[www.toitoi.lt/uploads/equipment-06.svg]
[www.toitoi.lt/uploads/biotualetas-nuoma-toitoi.jpg]
[www.toitoi.lt/uploads/biotualetas-toi-fresh-kilpos-kranui-biotualeto-nuoma-toitoi.jpg]
[www.toitoi.lt/uploads/biotualetas-toi-fresh-led-apsvietimas-biotualeto-nuoma-toitoi.jpg]
[www.toitoi.lt/uploads/biotualetas-toi-fresh-dvigubos-sienos-biotualeto-nuoma-toitoi.jpg]
[www.toitoi.lt/uploads/biotualetu-nuoma-toi-fresh-renginiams-toitoi.jpg]
[www.toitoi.lt/uploads/biotualetas-toi-fresh-biotualeto-nuoma-ismatavimai-toitoi.jpg]
[www.toitoi.lt/uploads/equipment-02.svg]
[www.toitoi.lt/uploads/technical-data-04.svg]
[www.toitoi.lt/uploads/equipment-04.svg]
[www.toitoi.lt/uploads/equipment-13.svg]
[www.toitoi.lt/uploads/rubu-pakaba-761946.svg]
[www.toitoi.lt/uploads/equipment-07.svg]
[www.toitoi.lt/uploads/equipment-03.svg]
[www.toitoi.lt/uploads/dezinfekavimo-skyscio-dozatorius-43666.svg]
[www.toitoi.lt/uploads/small/biotualetas-toi-fresh-biotualeto-nuoma-toitoi.png]
[www.toitoi.lt/produktai/biotualetas-nuoma-toitoi-fresh.html]
[www.toitoi.lt/uploads/biotualetas-toi-fresh-vip-toitoi-iskirtiniams-renginiams.jpg]
[www.toitoi.lt/uploads/biotualetas-toi-fresh-vip-imontuota-praustuve-toitoi.jpg]
[www.toitoi.lt/uploads/biotualetas-toi-fresh-vip-muilo-dozatorius-biotualeto-nuoma-toitoi.jpg]
[www.toitoi.lt/uploads/biotualetas-toi-fresh-vip-toitoi-renginiams.jpg]
[www.toitoi.lt/uploads/biotualetas-toi-fresh-vip-biotualeto-nuomai-ismatavimai-toitoi.jpg]
[www.toitoi.lt/uploads/additional-features-04.svg]
[www.toitoi.lt/uploads/small/biotualetas-toi-fresh-vip-biotualeto-nuoma-toitoi.png]
[www.toitoi.lt/produktai/biotualetas-nuoma-toitoi-fresh-vip.html]
[www.toitoi.lt/uploads/biotualetas-toi-plus-biotualeto-nuoma-toitoi.jpg]
[www.toitoi.lt/uploads/biotualetas-toi-plus-erdvus-vidus-biotualeto-nuoma-statyboms-toitoi.jpg]
[www.toitoi.lt/uploads/biotualetas-toi-plus-lygios-sienos-biotualeto-nuoma-statyboms-toitoi.jpg]
[www.toitoi.lt/uploads/biotualetas-toi-plus-ilgalaike-biotualeto-nuoma-toitoi.jpg]
[www.toitoi.lt/uploads/biotualetas-toi-plus-biotualeto-nuoma-statyboms-ismatavimai-toitoi.jpg]
[www.toitoi.lt/uploads/sildymas-264231.svg]
[www.toitoi.lt/uploads/small/biotualetas-toi-plus-biotualeto-nuoma-statyboms-toitoi.png]
[www.toitoi.lt/produktai/biotualetas-nuoma-toitoi-plus.html]
[www.toitoi.lt/uploads/toitoi-biotualetas-vaikams-toi-kids.png]
[www.toitoi.lt/uploads/biotualeto-nuoma-toitoi-vaiku-zaidimo-aikstelems.png]
[www.toitoi.lt/uploads/biotualetas-vaikams-erdvus-vidus-biotualeto-nuoma-toitoi.jpg]
[www.toitoi.lt/uploads/biotualetas-vaikams-lygios-sienos-biotualeto-nuoma-toitoi.jpg]
[www.toitoi.lt/uploads/biotualeto-nuoma-vaiku-zaidimo-aikstelems-toitoi.png]
[www.toitoi.lt/uploads/biotualetas-vaikams-biotualeto-nuoma-ismatavimai-toitoi.jpg]
[www.toitoi.lt/uploads/small/biotualetas-vaikams-biotualeto-nuoma-toitoi.png]
[www.toitoi.lt/produktai/biotualetas-vaikams-nuoma-toitoi-kids.html]
[www.toitoi.lt/uploads/toitoi-biotualetas-nuoma-toi-mini-telpa-mazose-patalpose.jpg]
[www.toitoi.lt/uploads/biotualetas-toi-mini-biotualeto-nuoma-toitoi-2.png]
[www.toitoi.lt/uploads/kilnojamas-biotualetas-toi-mini-toitoi.jpg]
[www.toitoi.lt/uploads/biotualetas-toi-mini-interjeras-biotualeto-nuoma-toitoi.jpg]
[www.toitoi.lt/uploads/toitoi-biotualetas-nuoma-toi-mini-telpa-lifte.jpg]
[www.toitoi.lt/uploads/biotualetas-toi-mini-biotualeto-nuoma-ismatavimai-toitoi.jpg]
[www.toitoi.lt/uploads/small/biotualetas-toi-mini-biotualeto-nuoma-toitoi.png]
[www.toitoi.lt/produktai/biotualetas-kilnojamas-nuoma-toitoi-mini.html]
[www.toitoi.lt/uploads/toitoi-biotualetas-nuoma-toi-basic.png]
[www.toitoi.lt/uploads/biotualetas-sodui-toi-basic-ilgalaike-biotualeto-nuoma-toitoi.png]
[www.toitoi.lt/uploads/biotualetas-toi-basic-standartine-iranga-biotualeto-nuoma-toitoi.jpg]
[www.toitoi.lt/uploads/biotualetas-toi-basic-imontuotas-pisuaras-ilgalaike-biotualeto-nuoma-toitoi.jpg]
[www.toitoi.lt/uploads/biotualetas-toi-basic-ilgalaike-biotualeto-nuoma-toitoi.jpg]
[www.toitoi.lt/uploads/biotualetas-toi-basic-ilgalaike-biotualeto-nuoma-statyboms-ismatavimai-toitoi.jpg]
[www.toitoi.lt/uploads/small/biotualetas-toi-basic-ilgalaike-biotualeto-nuoma-statyboms-toitoi.png]
[www.toitoi.lt/produktai/biotualetas-nuoma-toitoi-basic.html]
[www.toitoi.lt/uploads/biotualetas-neigaliems-biotualeto-nuoma-toitoi.png]
[www.toitoi.lt/uploads/biotualetas-nuoma-toitoi-180551.jpg]
[www.toitoi.lt/uploads/hotshadow.png]
[www.toitoi.lt/uploads/toitoi-hot-sildytuvas.jpg]
[www.toitoi.lt/uploads/toitoi-hot-sviestuvas.jpg]
[www.toitoi.lt/uploads/toitoi-hot-kilpos-pgn.jpg]
[www.toitoi.lt/uploads/toitoi-biotualetas-ilgalaikei-nuomai-toi-hot.jpg]
[www.toitoi.lt/uploads/toihot-ismatavimai.jpg]
[www.toitoi.lt/uploads/sviestuvas-su-judwsio-davikliu.svg]
[www.toitoi.lt/uploads/maitinimo-jungtis-387130.svg]
[www.toitoi.lt/uploads/plastikinis-pagrindas-290961.svg]
[www.toitoi.lt/uploads/small/toitoi-hot-biotualetas.jpg]
[www.toitoi.lt/produktai/biotualetas-nuoma-sildomas-toitoi-hot.html]
[www.toitoi.lt/uploads/toitoi-nuoma-praustuve-2-361188.png]
[www.toitoi.lt/uploads/praustuves-toi-toi-nuoma.jpg]
[www.toitoi.lt/uploads/praustuviu-nuoma-toi-toi.png]
[www.toitoi.lt/uploads/praustuves-nuoma-ismatavimai-toitoi.jpg]
[www.toitoi.lt/uploads/check.svg]
[www.toitoi.lt/uploads/additional-features-03.svg]
[www.toitoi.lt/uploads/small/praustuves-nuoma-toitoi.png]
[www.toitoi.lt/produktai/toitoi-nuoma-praustuve.html]
[www.toitoi.lt/uploads/toitoi-kiti-produktai-pisuaras.jpg]
[www.toitoi.lt/uploads/small/toitoi-nuoma-pisuaras-cross.png]
[www.toitoi.lt/produktai/toitoi-nuoma-pisuaras-cross.html]
[www.toitoi.lt/uploads/toitoi-kiti-produktai-rezervuras-termos.jpg]
[www.toitoi.lt/uploads/zbiornik-na-fekalia-wymiary-biale-tlo.jpg]
[www.toitoi.lt/uploads/ilgis-05.svg]
[www.toitoi.lt/uploads/small/toitoi-nuoma-nuoteku-rezervuaras-termos.png]
[www.toitoi.lt/produktai/toitoi-nuoma-papildomas-rezervuaras-termos.html]
[www.toitoi.lt/img/front/svg/pin_normal.svg]
[www.toitoi.lt/produktai/kategorija/uploads/bendrosios_salygos.html]
[www.toitoi.lt/img/front/svg/icon-containers.svg]
[www.toitoi.lt/img/front/svg/filtry-white.svg]
[www.toitoi.lt/img/front/svg/filtry.svg]
[www.toitoi.lt/uploads/oro-kondicionavimo-sistema-207904.svg]
[www.toitoi.lt/uploads/dusas-472177.svg]
[www.toitoi.lt/uploads/equipment-09.svg]
[www.toitoi.lt/uploads/equipment-01.svg]
[www.toitoi.lt/uploads/vip-305687.svg]
[www.toitoi.lt/uploads/vandens-sildytuvas-871060.svg]
[www.toitoi.lt/uploads/istiklintos-sienos-635874.svg]
[www.toitoi.lt/uploads/kasos-langelis-418073.svg]
[www.toitoi.lt/uploads/konteineriu-kombi-nuoma-toitoi.jpg]
[www.toitoi.lt/uploads/toitoi-nuoma-sanitarinis-konteineris-kombi.png]
[www.toitoi.lt/uploads/toitoi-nuoma-sanitarinis-konteineris-kombi-interjeras.jpg]
[www.toitoi.lt/uploads/toitoi-nuoma-sanitarinis-konteineris-kombi-ismatavimai.jpg]
[www.toitoi.lt/uploads/maitinimas-08.svg]
[www.toitoi.lt/uploads/klozetas-732851.svg]
[www.toitoi.lt/uploads/periodinis-tvarkymas-229038.svg]
[www.toitoi.lt/uploads/nuoteku-prijungimo-vamzdis-997806.svg]
[www.toitoi.lt/uploads/laiptu-nuoma.svg]
[www.toitoi.lt/uploads/nuoteku-rezervuaras-543662.svg]
[www.toitoi.lt/uploads/equipment-05.svg]
[www.toitoi.lt/uploads/small/toitoi-nuoma-sanitarinis-konteineris-kombi-schema.png]
[www.toitoi.lt/produktai/toitoi-nuoma-sanitarinis-konteineris-kombi.html]
[www.toitoi.lt/uploads/nuoma-toitoi-sanitarinis-konteineris-kombi.jpg]
[www.toitoi.lt/uploads/toitoi-nuoma-sanitarinis-konteineris-kombi-mazas.png]
[www.toitoi.lt/uploads/toitoi-nuoma-sanitarinis-konteineris-kombi-mazas-duso-kabina.jpg]
[www.toitoi.lt/uploads/toitoi-nuoma-sanitarinis-konteineris-kombi-mazas-veidrodis-standartine-iranga.jpg]
[www.toitoi.lt/uploads/toitoi-nuoma-sanitarinis-konteineris-kombi-mazas-ismatavimai.jpg]
[www.toitoi.lt/uploads/small/toitoi-nuoma-sanitarinis-konteineris-kombi-mazas-schema.jpg]
[www.toitoi.lt/produktai/toitoi-nuoma-sanitarinis-konteineris-kombi-mazas.html]
[www.toitoi.lt/uploads/toitoi-nuoma-sanitariniai-konteineriai-4069.jpg]
[www.toitoi.lt/uploads/toitoi-nuoma-sanitarinis-dusu-konteineris.png]
[www.toitoi.lt/uploads/toitoi-nuoma-sanitarinis-dusu-konteineris-ismatavimai.jpg]
[www.toitoi.lt/uploads/vandens-sildymas-177182.svg]
[www.toitoi.lt/uploads/small/toitoi-nuoma-sanitarinis-dusu-konteineris-schema.png]
[www.toitoi.lt/produktai/toitoi-nuoma-sanitarinis-dusu-konteineris.html]
[www.toitoi.lt/uploads/toitoi-nuoma-sanitariniai-konteineriai-138559.jpg]
[www.toitoi.lt/uploads/toitoi-nuoma-sanitarinis-pisuaru-konteineris.png]
[www.toitoi.lt/uploads/toitoi-nuoma-sanitarinis-pisuaru-konteineris-13-pisuaru.jpg]
[www.toitoi.lt/uploads/toitoi-nuoma-sanitarinis-pisuaru-konteineris-ismatavimai.jpg]
[www.toitoi.lt/uploads/small/toitoi-nuoma-sanitarinis-pisuaru-konteineris-schema.png]
[www.toitoi.lt/produktai/toitoi-nuoma-sanitarinis-pisuaru-konteineris.html]
[www.toitoi.lt/uploads/toitoi-nuoma-konteineriai.jpg]
[www.toitoi.lt/uploads/buitinis-biuro-konteineris.png]
[www.toitoi.lt/uploads/buitinis-biuro-konteineris-tvirta-apsvietimas-324881.jpg]
[www.toitoi.lt/uploads/buitinis-biuro-konteineris-tvirta-konstrukcija.jpg]
[www.toitoi.lt/uploads/toitoi-biuro-konteineris-nuoma.jpg]
[www.toitoi.lt/uploads/buitinis-biuro-konteineris-tvirta-ismatavimai.jpg]
[www.toitoi.lt/uploads/zaliuzes-66174.svg]
[www.toitoi.lt/uploads/biuro-baldai-481981.svg]
[www.toitoi.lt/uploads/baldu-nuoma-84997.svg]
[www.toitoi.lt/uploads/small/buitinis-biuro-konteineris-schema.png]
[www.toitoi.lt/produktai/toitoi-nuoma-buitinis-biuro-konteineris.html]
[www.toitoi.lt/uploads/toitoi-nuoma-dviguba-sale-konteinerio-interjeras.jpg]
[www.toitoi.lt/uploads/toitoi-nuoma-buitiniai-konteineriai.jpg]
[www.toitoi.lt/uploads/toitoi-nuoma-konteineris-dviguba-sale.png]
[www.toitoi.lt/uploads/toitoi-nuoma-konteineris-dviguba-sale-ismatavimai.jpg]
[www.toitoi.lt/uploads/small/toitoi-nuoma-konteineris-dviguba-sale-schema.png]
[www.toitoi.lt/produktai/toitoi-nuoma-buitinis-konteineris-dviguba-sale.html]
[www.toitoi.lt/uploads/toitoi-nuoma-sandeliavimo-konteineris-ismatavimai.jpg]
[www.toitoi.lt/uploads/toitoi-konteineriu-nuoma.jpg]
[www.toitoi.lt/uploads/toitoi-nuoma-sandeliavimo-konteineris.png]
[www.toitoi.lt/uploads/durys-570312.svg]
[www.toitoi.lt/uploads/small/toitoi-nuoma-sandeliavimo-konteineris-schema.png]
[www.toitoi.lt/produktai/toitoi-nuoma-sandeliavimo-konteineris.html]
[www.toitoi.lt/uploads/toitoi-nuoma-sanitariniai-konteineriai-673664.jpg]
[www.toitoi.lt/uploads/toitoi-nuoma-sanitarinis-konteineris-basic-line-wc-moteru-vyru.png]
[www.toitoi.lt/uploads/toitoi-nuoma-sanitarinis-konteineris-basic-line-wc-moteru-vyru-interjeras.jpg]
[www.toitoi.lt/uploads/ranku-dziovintuvas-567027.svg]
[www.toitoi.lt/uploads/techninis-aptarnavimas-ir-tvarkymas-renginio-metu-354434.svg]
[www.toitoi.lt/uploads/small/toitoi-nuoma-sanitarinis-konteineris-basic-line-wc-moteru-vyru-schema.png]
[www.toitoi.lt/produktai/toitoi-nuoma-sanitarinis-konteineris-basic-line-wc-moteru-vyru.html]
[www.toitoi.lt/uploads/toitoi-nuoma-sanitarinis-konteineris-basic-line.jpg]
[www.toitoi.lt/uploads/toitoi-nuoma-sanitarinis-konteineris-basic-line-dusu-praustuviu.png]
[www.toitoi.lt/uploads/toitoi-nuoma-sanitarinis-konteineris-basic-line-dusu-praustuviu-5-praustuves.jpg]
[www.toitoi.lt/uploads/toitoi-nuoma-sanitarinis-konteineris-basic-line-dusu-praustuviu-muilo-dozatorius.jpg]
[www.toitoi.lt/uploads/toitoi-nuoma-sanitarinis-konteineris-basic-line-dusu-praustuviu-ranku-d-iovintuvas.jpg]
[www.toitoi.lt/uploads/toitoi-nuoma-sanitarinis-konteineris-basic-line-dusu-praustuviu-ismatavimai.jpg]
[www.toitoi.lt/uploads/small/toitoi-nuoma-sanitarinis-konteineris-basic-line-dusu-praustuviu-schema.png]
[www.toitoi.lt/produktai/toitoi-nuoma-sanitarinis-konteineris-basic-line-dusu-praustuviu.html]
[www.toitoi.lt/uploads/toitoi-nuoma-sanitarinis-konteineris-basic-line-196586.jpg]
[www.toitoi.lt/uploads/toitoi-nuoma-sanitarinis-konteineris-basic-line-praustuviu.png]
[www.toitoi.lt/uploads/toitoi-nuoma-sanitarinis-konteineris-praustuviu-konteineris.jpg]
[www.toitoi.lt/uploads/toitoi-nuoma-sanitarinis-konteineris-basic-line-12-praustuviu.jpg]
[www.toitoi.lt/uploads/toitoi-nuoma-sanitarinis-konteineris-basic-line-praustuviu-ismatavimai.jpg]
[www.toitoi.lt/uploads/small/toitoi-nuoma-sanitarinis-konteineris-basic-line-praustuviu-schema.jpg]
[www.toitoi.lt/produktai/toitoi-nuoma-sanitarinis-konteineris-basic-line-praustuviu.html]
[www.toitoi.lt/uploads/toitoi-nuoma-sanitarinis-konteineris-maxi-line-plus-dusu-ismatavimai1.jpg]
[www.toitoi.lt/uploads/toitoi-nuoma-sanitariniai-konteineriai-499113.jpg]
[www.toitoi.lt/uploads/toitoi-nuoma-sanitarinis-konteineris-maxi-line-plus-dusu.png]
[www.toitoi.lt/uploads/toitoi-pagrindinis-konteineriu-nuoma-193689.png]
[www.toitoi.lt/uploads/sanitarinis-konteineris-maxi-line-siltas-vanduo.jpg]
[www.toitoi.lt/uploads/sanitarine-priekaba-84467.svg]
[www.toitoi.lt/uploads/small/toitoi-nuoma-sanitarinis-konteineris-maxi-line-plus-dusu-schema.jpg]
[www.toitoi.lt/produktai/toitoi-nuoma-sanitarinis-konteineris-maxi-line-plus-dusu.html]
[www.toitoi.lt/uploads/toitoi-nuoma-sanitarinis-konteineris-premium-line-moteru-vyru-wc-modernus-dizainas.jpg]
[www.toitoi.lt/uploads/sanitarinis-premium-line-konteineris.jpg]
[www.toitoi.lt/uploads/toitoi-nuoma-sanitarinis-konteineris-premium-line-moteru-vyru-wc.png]
[www.toitoi.lt/uploads/muszla-klozetowa.svg]
[www.toitoi.lt/uploads/suszarka-do-rak.svg]
[www.toitoi.lt/uploads/ogrzewanie.svg]
[www.toitoi.lt/uploads/armatura-bezdotykowa.svg]
[www.toitoi.lt/uploads/zapach.svg]
[www.toitoi.lt/uploads/additional-features-02.svg]
[www.toitoi.lt/uploads/klimatyzacja.svg]
[www.toitoi.lt/uploads/naglosnienie.svg]
[www.toitoi.lt/uploads/toitoi-nuoma-sanitarinis-konteineris-premium-line-moteru-vyru-wc-sildymas.jpg]
[www.toitoi.lt/uploads/toitoi-nuoma-sanitarinis-konteineris-premium-line-moteru-vyru-wc-4-pisuarai.jpg]
[www.toitoi.lt/uploads/toitoi-nuoma-sanitarinis-konteineris-premium-line-moteru-vyru-wc-kondicionierius.jpg]
[www.toitoi.lt/uploads/toitoi-nuoma-sanitarinis-konteineris-premium-line-moteru-vyru-wc-apsviestas-veidrodis.jpg]
[www.toitoi.lt/uploads/toitoi-nuoma-sanitarinis-konteineris-premium-line-moteru-vyru-wc-ismatavimai.jpg]
[www.toitoi.lt/uploads/higienos-priedai-moterims-684366.svg]
[www.toitoi.lt/uploads/judesiui-jautri-iranga-665451.svg]
[www.toitoi.lt/uploads/oro-gaiviklis-su-dozatoriumi-695396.svg]
[www.toitoi.lt/uploads/garso-reguliavimo-sistema-ir-mp3-grotuvas-831503.svg]
[www.toitoi.lt/uploads/atrimiausios-aplinkos-geliu-dekoraciju-apsvietimo-isdestymas-982608.svg]
[www.toitoi.lt/uploads/small/toitoi-nuoma-sanitarinis-konteineris-premium-line-moteru-vyru-wc-schema.png]
[www.toitoi.lt/produktai/toitoi-nuoma-sanitarinis-konteineris-premium-line-moteru-vyru.html]
[www.toitoi.lt/uploads/toitoi-nuoma-buitinis-apsaugos-konteineris-su-kasos-langeliu.jpg]
[www.toitoi.lt/uploads/toitoi-nuoma-konteineris.jpg]
[www.toitoi.lt/uploads/toitoi-nuoma-buitinis-apsaugos-konteineris.png]
[www.toitoi.lt/uploads/toitoi-nuoma-buitinis-apsaugos-konteineris-elektrinis-sildymas.jpg]
[www.toitoi.lt/uploads/toitoi-nuoma-buitinis-apsaugos-konteineris-ismatavimai.jpg]
[www.toitoi.lt/uploads/isorines-zaliuzes-692658.svg]
[www.toitoi.lt/uploads/small/toitoi-nuoma-buitinis-apsaugos-konteineris-schema.png]
[www.toitoi.lt/produktai/toitoi-nuoma-apsaugos-konteineris.html]
[www.toitoi.lt/uploads/toitoi-nuoma-konteineris-kasa3-ismatavimai.jpg]
[www.toitoi.lt/uploads/toitoi-nuoma-kasos-konteineris.jpg]
[www.toitoi.lt/uploads/toitoi-nuoma-konteineris-kasa3.png]
[www.toitoi.lt/uploads/toitoi-nuoma-saugus-kasos-konteineris-kasa3.jpg]
[www.toitoi.lt/uploads/toitoi-nuoma-konteineris-kasa3-elektrinis-sildytuvas.jpg]
[www.toitoi.lt/uploads/equipment-11.svg]
[www.toitoi.lt/uploads/small/toitoi-nuoma-konteineris-kasa3-schema.png]
[www.toitoi.lt/produktai/toitoi-nuoma-kasos-konteineris-kasa-3.html]
[www.toitoi.lt/css/front/main63d3.css]
[www.toitoi.lt/uploads/technical-data-05.svg]
[www.toitoi.lt/uploads/aukstis-02.svg]
[www.toitoi.lt/uploads/vandens-prijungimo-anga-06.svg]
[www.toitoi.lt/uploads/technical-data-06.svg]
[www.toitoi.lt/uploads/nuoteku-prijungimo-vamzdis-07.svg]
[www.toitoi.lt/uploads/equipment-12.svg]
[www.toitoi.lt/uploads/vandens-sildymas-205475.svg]
[www.toitoi.lt/uploads/dusas.svg]
[www.toitoi.lt/uploads/muilo-dozatorius-482308.svg]
[www.toitoi.lt/uploads/equipment-10.svg]
[www.toitoi.lt/uploads/vedinimo-sistema-644406.svg]
[www.toitoi.lt/uploads/baldai-biurui-915729.svg]
[www.toitoi.lt/uploads/tv-54276.svg]
[www.toitoi.lt/uploads/maitinimo-jungiklis-364115.svg]
[www.toitoi.lt/uploads/vanduo.svg]
[www.toitoi.lt/uploads/elektrinis-sildytuvas-703433.svg]
[www.toitoi.lt/produktai/uploads/bendrosios_salygos.html]
[www.toitoi.lt/img/front/svg/icon-trailer.svg]
[www.toitoi.lt/uploads/toitoi-nuoma-sanitarine-priekaba-eco-2.png]
[www.toitoi.lt/uploads/toitoi-nuoma-sanitarine-priekaba.jpg]
[www.toitoi.lt/uploads/icon-circle-phone.png]
[www.toitoi.lt/uploads/icon-circle-car.png]
[www.toitoi.lt/uploads/sanitarines-priekabos-nuoma-wash-box.jpg]
[www.toitoi.lt/uploads/transportavimas-995944.svg]
[www.toitoi.lt/uploads/small/sanitarines-priekabos-washbox-nuoma.png]
[www.toitoi.lt/produktai/toitoi-nuoma-sanitarine-priekaba-eco.html]
[www.toitoi.lt/uploads/transportas-406523.svg]
[www.toitoi.lt/uploads/terminalas-941649.svg]
[www.toitoi.lt/uploads/small/toitoi-38-praustuves.png]
[www.toitoi.lt/produktai/toitoi-nuoma-38-praustuves.html]
[www.toitoi.lt/img/front/svg/icon-fances.svg]
[www.toitoi.lt/uploads/mobili-tvora-auksta-azurine-tvora.png]
[www.toitoi.lt/uploads/mobilios-tvoros-nuoma-kaunas-vilnius-toitoi.jpg]
[www.toitoi.lt/uploads/mobilios-tvoros-nuoma-auksta-azurine-tvora-ismatavimai-toitoi.jpg]
[www.toitoi.lt/uploads/varteliai-695844.svg]
[www.toitoi.lt/uploads/spygliuotoji-viela-507268.svg]
[www.toitoi.lt/uploads/pagrindas-849353.svg]
[www.toitoi.lt/uploads/fiksuojanti-atrama-su-tvirtinimo-strypu-869918.svg]
[www.toitoi.lt/uploads/sumontavimas-147246.svg]
[www.toitoi.lt/uploads/pagrindas.svg]
[www.toitoi.lt/uploads/small/mobilios-tvoros-nuoma-auksta-azurine-tvora-toitoi.png]
[www.toitoi.lt/produktai/toitoi-nuoma-mobili-tvora-auksta-azurine.html]
[www.toitoi.lt/uploads/toitoi-nuoma-auksta-azurine-tvora-su-tentu.png]
[www.toitoi.lt/uploads/mobilios-tvoros-nuoma-kaunas-vilnius-toitoi-71916.jpg]
[www.toitoi.lt/uploads/mobilios-tvoros-nuoma-auksta-azurine-tvora-ismatavimai-toitoi-335190.jpg]
[www.toitoi.lt/uploads/sujungimas-su-konteineriu-549430.svg]
[www.toitoi.lt/uploads/small/mobilios-tvoros-nuoma-auksta-azurine-tvora-su-tentu-toitoi.png]
[www.toitoi.lt/produktai/toitoi-nuoma-mobili-tvora-auksta-azurine-su-tentu.html]
[www.toitoi.lt/uploads/mobili-tvora-zema-tvora-monrovia.png]
[www.toitoi.lt/uploads/mobilios-tvoros-nuoma-kaunas-vilnius-toitoi-828872.jpg]
[www.toitoi.lt/uploads/mobilios-tvoros-nuoma-zema-tvora-monrovia-ismatavimai-toitoi.jpg]
[www.toitoi.lt/uploads/small/mobilios-tvoros-nuoma-zema-tvora-monrovia-toitoi.png]
[www.toitoi.lt/produktai/toitoi-nuoma-mobili-tvora-monrovia.html]
[www.toitoi.lt/uploads/mobili-tvora-zema-azurine-tvora.png]
[www.toitoi.lt/uploads/mobilios-tvoros-nuoma-kaunas-vilnius-toitoi-92791.jpg]
[www.toitoi.lt/uploads/mobili-tvora-zema-azurine-tvora-ismatavimai-toitoi.jpg]
[www.toitoi.lt/uploads/technical-data-01.svg]
[www.toitoi.lt/uploads/small/mobilios-tvoros-nuoma-zema-azurine-tvora-toitoi.png]
[www.toitoi.lt/produktai/toitoi-nuoma-mobili-tvora-zema-azurine.html]
[www.toitoi.lt/uploads/toitoi-kiti-produktai-pagrindo-apsauga.jpg]
[www.toitoi.lt/uploads/toitoi-nuoma-kiti-produktai-pagrindo-apsauga-fuss-ismatavimai.jpg]
[www.toitoi.lt/uploads/small/toitoi-nuoma-kiti-produktai-pagrindo-apsauga-fuss.png]
[www.toitoi.lt/produktai/toitoi-nuoma-pagrindo-apsauga-fuss.html]
[www.toitoi.lt/uploads/toitoi-kiti-produktai-rezervuarai.jpg]
[www.toitoi.lt/uploads/toitoi-nuoma-didelis-nuoteku-rezervuaras-ismatavimai.jpg]
[www.toitoi.lt/uploads/small/toitoi-nuoma-didelis-nuoteku-rezervuaras.png]
[www.toitoi.lt/produktai/toitoi-nuoma-nuoteku-rezervuaras-didelis.html]
[www.toitoi.lt/uploads/toitoi-rezervuarai.jpg]
[www.toitoi.lt/uploads/toitoi-nuoma-didelis-nuoteku-rezervuaras-su-laiptais-ismatavimai.jpg]
[www.toitoi.lt/uploads/small/toitoi-nuoma-didelis-nuoteku-rezervuaras-su-laiptais.png]
[www.toitoi.lt/produktai/toitoi-nuoma-nuoteku-rezervuaras-didelis-su-laiptais.html]
[www.toitoi.lt/uploads/toitoi-kiti-produktai-rezervuaras1.jpg]
[www.toitoi.lt/uploads/toitoi-nuoma-mazas-nuoteku-rezervuras-ismatavimai.jpg]
[www.toitoi.lt/uploads/small/toitoi-nuoma-mazas-nuoteku-rezervuras.png]
[www.toitoi.lt/produktai/toitoi-nuoma-nuoteku-rezervuaras-mazas.html]
[www.toitoi.lt/uploads/toitoi-rezervuarai-626332.jpg]
[www.toitoi.lt/uploads/toitoi-nuoma-lankstus-vandens-rezervuaras-uzsukama-sklende.jpg]
[www.toitoi.lt/uploads/toitoi-nuoma-lankstus-vandens-rezervuaras-ismatavimai.jpg]
[www.toitoi.lt/uploads/small/toitoi-nuoma-lankstus-vandens-rezervuaras.png]
[www.toitoi.lt/produktai/toitoi-nuoma-lankstus-vandens-rezervuaras-didelis.html]
[www.toitoi.lt/uploads/toitoi-rezervuarai-886561.jpg]
[www.toitoi.lt/uploads/toitoi-nuoma-vandens-rezervuaras-1000l-ismatavimai.jpg]
[www.toitoi.lt/uploads/small/toitoi-nuoma-vandens-rezervuaras-1000l.png]
[www.toitoi.lt/produktai/toitoi-nuoma-vandens-rezervuaras-didelis-1000l.html]
[www.toitoi.lt/uploads/toitoi-kiti-produktai-fekalinis-siurblys-288311.jpg]
[www.toitoi.lt/uploads/toitoi-nuoma-kiti-produktai-fekalinis-siurblys-ismatavimai-357122.jpg]
[www.toitoi.lt/uploads/small/toitoi-nuoma-kiti-produktai-fekalinis-siurblys-285271.png]
[www.toitoi.lt/produktai/toitoi-nuoma-fekalinis-siurblys.html]
[www.toitoi.lt/uploads/toitoi-kitos-paslaugos-442100.jpg]
[www.toitoi.lt/uploads/small/toitoi-kitos-paslaugos-techninio-ir-sanitarinio-budejimo-automobilis.jpg]
[www.toitoi.lt/produktai/toitoi-paslaugos-prieziura-techninis-sanitarinis-budejimas.html]
[www.toitoi.lt/uploads/toitoi-kitos-paslaugos-88543.jpg]
[www.toitoi.lt/uploads/small/neiprasti-uzsakymai.jpg]
[www.toitoi.lt/produktai/toitoi-paslaugos-pagal-individualu-uzsakyma.html]
[www.toitoi.lt/uploads/toitoi-kitos-paslaugos.jpg]
[www.toitoi.lt/uploads/small/toitoi-transporto-paslaugos.jpg]
[www.toitoi.lt/produktai/toitoi-paslaugos-transportavimas.html]
[www.toitoi.lt/uploads/toitoi-kitos-paslaugos-807073.jpg]
[www.toitoi.lt/uploads/small/toitoi-kitos-paslaugos-asenizacija.jpg]
[www.toitoi.lt/produktai/paslaugos-asenizacija.html]
[www.toitoi.lt/img/front/svg/icon-about_company.svg]
[www.toitoi.lt/img/front/svg/icon-slider-01-3.svg]
[www.toitoi.lt/img/front/svg/icon-slider-02-3.svg]
[www.toitoi.lt/img/front/svg/icon-slider-01-2.svg]
[www.toitoi.lt/img/front/svg/icon-slider-02-2.svg]
[www.toitoi.lt/img/front/svg/icon-slider-01.svg]
[www.toitoi.lt/img/front/svg/icon-slider-02.svg]
[www.toitoi.lt/img/front/svg/icon-person.svg]
[www.toitoi.lt/img/front/svg/icon-tablet.svg]
[www.toitoi.lt/img/front/svg/icon-devices.svg]
[www.toitoi.lt/img/front/svg/icon-chat-large.svg]
[www.toitoi.lt/img/front/svg/icon-map.svg]
[www.toitoi.lt/img/front/svg/icon-car-large.svg]
[www.toitoi.lt/img/front/svg/icon-toilet.svg]
[www.toitoi.lt/img/front/svg/icon-clock.svg]
[www.toitoi.lt/img/front/svg/map-lithuania.svg]
[www.toitoi.lt/img/front/svg/kontakt.svg]
[www.toitoi.lt/uploads/service-nachhaltigkeit-391202.svg]
[www.toitoi.lt/uploads/toiletten-box-457762.svg]
[www.toitoi.lt/uploads/toiletten-box-20-jahre-3-531039.svg]
[www.toitoi.lt/uploads/logo-nachhaltigkeit-final-rgb.svg]
[www.toitoi.lt/uploads/strecke-km-nachhaltigkeit-204288.svg]
[www.toitoi.lt/uploads/co2-469611.svg]
[www.toitoi.lt/uploads/wasserverbrauch-881850.svg]
[www.toitoi.lt/uploads/mitarbeitende-nachhaltigkeit-355408.svg]
[www.toitoi.lt/uploads/servicefahrer-solo-100632.svg]
[www.toitoi.lt/uploads/mitarbeitende-durchschnitt-697557.svg]
[www.toitoi.lt/img/front/svg/icon-question.svg]
[www.toitoi.lt/img/front/svg/icon-faq-category-1.svg]
[www.toitoi.lt/img/front/svg/icon-faq-category-2.svg]
[www.toitoi.lt/img/front/svg/icon-faq-category-3.svg]
[www.toitoi.lt/img/front/svg/icon-phone-02.svg]
[www.toitoi.lt/img/front/svg/asystent-red.svg]
[www.toitoi.lt/img/front/svg/illustration-left.svg]
[www.toitoi.lt/img/front/svg/cabin-red.svg]
[www.toitoi.lt/img/front/svg/illustration-right.svg]
[www.toitoi.lt/img/front/svg/time.svg]
[www.toitoi.lt/img/front/svg/like.svg]
[www.toitoi.lt/img/front/svg/date.svg]
[www.toitoi.lt/img/front/svg/5-step-icon-2.svg]
[www.toitoi.lt/img/front/svg/5-step-icon-3.svg]
[www.toitoi.lt/uploads/features-1.svg]
[www.toitoi.lt/uploads/features-2.svg]
[www.toitoi.lt/uploads/features-3.svg]
[www.toitoi.lt/uploads/features-4.svg]
[www.toitoi.lt/uploads/features-5.svg]
[www.toitoi.lt/img/front/svg/key.svg]
[www.toitoi.lt/img/front/svg/cart-red.svg]
[www.toitoi.lt/uploads/pagrindo-plotas-01.svg]
[www.toitoi.lt/uploads/rezervuaro-talpa-04.svg]
[www.toitoi.lt/uploads/svoris-03.svg]
[www.toitoi.lt/uploads/toitoi-biotualetai-popieziaus-vizito-metu.svg]
[www.toitoi.lt/uploads/moderni-budele-su-sirdele-svg.svg]
[www.toitoi.lt/uploads/svg-66.svg]
[www.toitoi.lt/uploads/toi-toi-dalyvauja-regiu-sirdimi-svg.svg]
[www.toitoi.lt/uploads/runway-2018-naujam-svg.svg]
[www.toitoi.lt/aktualijos/uploads/bendrosios_salygos.html]
[www.toitoi.lt/uploads/blog-renginys3.svg]
[www.toitoi.lt/uploads/blog-renginys4.svg]
[www.toitoi.lt/uploads/medium/blog-renginys4.svg]
[www.toitoi.lt/uploads/medium/blog-renginys3.svg]
[www.toitoi.lt/uploads/blog-renginys6.svg]
[www.toitoi.lt/uploads/medium/blog-renginys6.svg]
[www.toitoi.lt/uploads/blog-renginys1.svg]
[www.toitoi.lt/uploads/medium/blog-renginys1.svg]
[www.toitoi.lt/uploads/blog-renginys5.svg]
[www.toitoi.lt/uploads/medium/blog-renginys5.svg]
[www.toitoi.lt/uploads/blog-renginys2.svg]
[www.toitoi.lt/uploads/medium/blog-renginys2.svg]
[www.toitoi.lt/img/front/svg/icon-news_list.svg]
[www.toitoi.lt/uploads/medium/toitoi-biotualetai-popieziaus-vizito-metu.svg]
[www.toitoi.lt/uploads/medium/runway-2018-naujam-svg.svg]
[www.toitoi.lt/uploads/medium/svg-66.svg]
[www.toitoi.lt/uploads/medium/toi-toi-dalyvauja-regiu-sirdimi-svg.svg]
[www.toitoi.lt/uploads/medium/moderni-budele-su-sirdele-svg.svg]
[www.toitoi.lt/uploads/equipment-02.svg]
[www.toitoi.lt/uploads/technical-data-04.svg]
[www.toitoi.lt/uploads/equipment-04.svg]
[www.toitoi.lt/uploads/equipment-13.svg]
[www.toitoi.lt/uploads/rubu-pakaba-761946.svg]
[www.toitoi.lt/uploads/equipment-07.svg]
[www.toitoi.lt/uploads/equipment-03.svg]
[www.toitoi.lt/uploads/dezinfekavimo-skyscio-dozatorius-43666.svg]
[www.toitoi.lt/uploads/additional-features-04.svg]
[www.toitoi.lt/uploads/sildymas-264231.svg]
[www.toitoi.lt/uploads/toitoi-biotualetas-vaikams-toi-kids.html]
[www.toitoi.lt/uploads/toitoi-biotualetas-nuoma-toi-basic.html]
[www.toitoi.lt/uploads/sviestuvas-su-judwsio-davikliu.svg]
[www.toitoi.lt/uploads/maitinimo-jungtis-387130.svg]
[www.toitoi.lt/uploads/plastikinis-pagrindas-290961.svg]
[www.toitoi.lt/uploads/toitoi-nuoma-praustuve-2-361188.html]
[www.toitoi.lt/uploads/check.svg]
[www.toitoi.lt/uploads/additional-features-03.svg]
[www.toitoi.lt/uploads/zbiornik-na-fekalia-wymiary-biale-tlo.html]
[www.toitoi.lt/uploads/ilgis-05.svg]
[www.toitoi.lt/uploads/maitinimas-08.svg]
[www.toitoi.lt/uploads/klozetas-732851.svg]
[www.toitoi.lt/uploads/periodinis-tvarkymas-229038.svg]
[www.toitoi.lt/uploads/nuoteku-prijungimo-vamzdis-997806.svg]
[www.toitoi.lt/uploads/laiptu-nuoma.svg]
[www.toitoi.lt/uploads/nuoteku-rezervuaras-543662.svg]
[www.toitoi.lt/uploads/equipment-05.svg]
[www.toitoi.lt/uploads/vandens-sildymas-177182.svg]
[www.toitoi.lt/uploads/zaliuzes-66174.svg]
[www.toitoi.lt/uploads/biuro-baldai-481981.svg]
[www.toitoi.lt/uploads/baldu-nuoma-84997.svg]
[www.toitoi.lt/uploads/durys-570312.svg]
[www.toitoi.lt/uploads/ranku-dziovintuvas-567027.svg]
[www.toitoi.lt/uploads/techninis-aptarnavimas-ir-tvarkymas-renginio-metu-354434.svg]
[www.toitoi.lt/uploads/sanitarine-priekaba-84467.svg]
[www.toitoi.lt/uploads/muszla-klozetowa.svg]
[www.toitoi.lt/uploads/suszarka-do-rak.svg]
[www.toitoi.lt/uploads/ogrzewanie.svg]
[www.toitoi.lt/uploads/armatura-bezdotykowa.svg]
[www.toitoi.lt/uploads/zapach.svg]
[www.toitoi.lt/uploads/additional-features-02.svg]
[www.toitoi.lt/uploads/klimatyzacja.svg]
[www.toitoi.lt/uploads/naglosnienie.svg]
[www.toitoi.lt/uploads/higienos-priedai-moterims-684366.svg]
[www.toitoi.lt/uploads/judesiui-jautri-iranga-665451.svg]
[www.toitoi.lt/uploads/oro-gaiviklis-su-dozatoriumi-695396.svg]
[www.toitoi.lt/uploads/garso-reguliavimo-sistema-ir-mp3-grotuvas-831503.svg]
[www.toitoi.lt/uploads/atrimiausios-aplinkos-geliu-dekoraciju-apsvietimo-isdestymas-982608.svg]
[www.toitoi.lt/uploads/isorines-zaliuzes-692658.svg]
[www.toitoi.lt/uploads/equipment-11.svg]
[www.toitoi.lt/uploads/toitoi-nuoma-sanitarine-priekaba-eco-2.html]
[www.toitoi.lt/uploads/transportavimas-995944.svg]
[www.toitoi.lt/uploads/transportas-406523.svg]
[www.toitoi.lt/uploads/terminalas-941649.svg]
[www.toitoi.lt/uploads/mobili-tvora-auksta-azurine-tvora.html]
[www.toitoi.lt/uploads/varteliai-695844.svg]
[www.toitoi.lt/uploads/spygliuotoji-viela-507268.svg]
[www.toitoi.lt/uploads/pagrindas-849353.svg]
[www.toitoi.lt/uploads/fiksuojanti-atrama-su-tvirtinimo-strypu-869918.svg]
[www.toitoi.lt/uploads/sumontavimas-147246.svg]
[www.toitoi.lt/uploads/pagrindas.svg]
[www.toitoi.lt/uploads/toitoi-nuoma-auksta-azurine-tvora-su-tentu.html]
[www.toitoi.lt/uploads/sujungimas-su-konteineriu-549430.svg]
[www.toitoi.lt/uploads/mobili-tvora-zema-tvora-monrovia.html]
[www.toitoi.lt/uploads/mobili-tvora-zema-azurine-tvora.html]
[www.toitoi.lt/uploads/technical-data-01.svg]
[www.toitoi.lt/css/fonts/glyphicons-halflings-regular.html]
[www.toitoi.lt/css/fonts/glyphicons-halflings-regulard41d.html]
[www.toitoi.lt/css/fonts/glyphicons-halflings-regular-2.html]
[www.toitoi.lt/css/fonts/glyphicons-halflings-regular-3.html]
[www.toitoi.lt/css/fonts/glyphicons-halflings-regular-4.html]
[www.toitoi.lt/css/fonts/glyphicons-halflings-regular-5.html]
[www.toitoi.lt/css/front/owl.video.play.html]
[www.toitoi.lt/css/fonts/CamingoLTPro-Bold.html]
[www.toitoi.lt/css/fonts/CamingoLTPro-Bold-2.html]
[www.toitoi.lt/produktai/biotualetas-neigaliems-nuoma-toitoi-cap.html]
[www.toitoi.lt/aktualijos/index.html]
